2025-02-25 17:11:57,350 - masks - INFO: Выполняем маскировку номера карты 7000792289606361
2025-02-25 17:11:57,351 - masks - INFO: Маскировка карты - прошло успешно
2025-02-25 17:11:57,353 - masks - ERROR: Вводные дынные отсутствуют
2025-02-25 17:11:57,354 - masks - ERROR: Введен не корректный тип данных
2025-02-25 17:11:57,356 - masks - INFO: Выполняем маскировку номера карты 70007922896063611
2025-02-25 17:11:57,356 - masks - ERROR: В номере карты должно быть 16 цифр
2025-02-25 17:11:57,391 - masks - INFO: Выполняем маскировку номера карты 7000792289606361
2025-02-25 17:11:57,391 - masks - INFO: Маскировка карты - прошло успешно
2025-02-25 17:11:57,392 - masks - ERROR: Вводные дынные отсутствуют
2025-02-25 17:11:57,394 - masks - ERROR: Введен не корректный тип данных
2025-02-25 17:11:57,395 - masks - INFO: Выполняем маскировку номера карты 123
2025-02-25 17:11:57,395 - masks - ERROR: В номере карты должно быть 16 цифр
2025-02-25 17:11:57,397 - masks - INFO: Выполняем маскировку номера счета 73654108430135874305
2025-02-25 17:11:57,397 - masks - INFO: Маскировка счета - прошло успешно
2025-02-25 17:11:57,398 - masks - ERROR: Вводные дынные отсутствуют
2025-02-25 17:11:57,400 - masks - ERROR: Введен не корректный тип данных
2025-02-25 17:11:57,402 - masks - INFO: Выполняем маскировку номера счета 1234
2025-02-25 17:11:57,402 - masks - ERROR: В номере счета должно быть 20 цифр
2025-02-25 17:11:57,437 - masks - INFO: Выполняем маскировку номера карты 1596837868705199
2025-02-25 17:11:57,437 - masks - INFO: Маскировка карты - прошло успешно
2025-02-25 17:11:57,439 - masks - INFO: Выполняем маскировку номера счета 64686473678894779589
2025-02-25 17:11:57,439 - masks - INFO: Маскировка счета - прошло успешно
2025-02-25 17:11:57,440 - masks - INFO: Выполняем маскировку номера карты 7158300734726758
2025-02-25 17:11:57,440 - masks - INFO: Маскировка карты - прошло успешно
2025-02-25 17:11:57,441 - masks - INFO: Выполняем маскировку номера счета 35383033474447895560
2025-02-25 17:11:57,441 - masks - INFO: Маскировка счета - прошло успешно
2025-02-25 17:11:57,443 - masks - INFO: Выполняем маскировку номера карты 6831982476737658
2025-02-25 17:11:57,443 - masks - INFO: Маскировка карты - прошло успешно
2025-02-25 17:11:57,444 - masks - INFO: Выполняем маскировку номера карты 8990922113665229
2025-02-25 17:11:57,444 - masks - INFO: Маскировка карты - прошло успешно
2025-02-25 17:11:57,446 - masks - INFO: Выполняем маскировку номера карты 5999414228426353
2025-02-25 17:11:57,446 - masks - INFO: Маскировка карты - прошло успешно
2025-02-25 17:11:57,447 - masks - INFO: Выполняем маскировку номера счета 73654108430135874305
2025-02-25 17:11:57,447 - masks - INFO: Маскировка счета - прошло успешно
